// Jest Snapshot v1, https://goo.gl/fbAQLP

exports[`should render ExpenseListItem with expenses 1`] = `
<div>
  <Link
    replace={false}
    to="/edit/1"
  >
    <h3>
      Gum
    </h3>
  </Link>
  <p>
    amount: 
    195
      ||  created at:
    0
  </p>
  <p>
    __________________________________
  </p>
</div>
`;
